// Jest Snapshot v1, https://goo.gl/fbAQLP

exports[`Balls should match its snapshot 1`] = `
<div>
  <div
    class="number-ball filled"
  >
    6
  </div>
</div>
`;
